# (This file is the basis of the `filesdump.txt` in which it is included, i.e. the document you are reading right now.
# The files in this manifest are the relevant files for understanding how the project hangs together.
# Files which are commented out exist but are not included in the `filesdump.txt`.)

### --- Context & Meta ---
# ⚠️ NON-NEGOTIABLE collaboration rules - READ FIRST
CRITICAL_RULES.md

# reading guide for bootstrapping a new session; either attached to the first message or passed as message body
# FIRST_PROMPT.md

LLM_INSTRUCTIONS.md
manifest.lst
tmp/project_tree.txt

# standard project documentation -- work in progress
README.md
GOALS.md
TODO.md
HISTORY.md

# working document for finding the direction `papple2` wants to take
DIRECTION.md

### --- Build & Python Configuration ---
Makefile
pyproject.toml
requirements.txt
#.gitignore
#.gitattributes

# ApplePy (c) James Tauber and contributors
#LICENSE

### --- Project-specific Configuration ---
# treat the actually used toml as secret; we don't include it in the filesdump, and it's .gitignore'd
#papple2.toml
papple2.example.toml

### --- DevOps tools ---
#tools/concat_files.py

### --- Scripts, outside of the controlled package src ---
scripts/boot_basic.py
scripts/boot_lode_runner.py
scripts/boot_robotron.py

### --- Source ---
src/papple2/util.py

## core
src/papple2/core/apple.py
src/papple2/core/cpu.py
src/papple2/core/emulator.py
src/papple2/core/hooks.py
src/papple2/core/memory.py
src/papple2/core/window.py

## debug
src/papple2/debug/annotations.py
src/papple2/debug/assembler.py
src/papple2/debug/checkpoints.py
src/papple2/debug/disassembler.py
src/papple2/debug/labels.py
src/papple2/debug/memory_map.py
src/papple2/debug/tiles.py

### --- Tests and fixtures data ---
tests/conftest.py
#tests/test_assembler.py
#tests/test_cpu_arithmetic.py
#tests/test_cpu_branch.py
#tests/test_cpu_bugs.py
#tests/test_cpu_inc_dec.py
#tests/test_cpu_jump_call.py
#tests/test_cpu_load_store.py
#tests/test_cpu_logical.py
#tests/test_cpu_register_transfer.py
#tests/test_cpu_shift.py
#tests/test_cpu_stack.py
#tests/test_cpu_status_flags.py
#tests/test_cpu_system.py
#tests/test_display_memory.py
#tests/test_emulator_debug_keys.py
#tests/test_emulator_silent.py
#tests/test_mem_access_collector.py
#tests/test_memory.py
#tests/test_softswitches.py
#tests/test_tiles.py
#tests/test_time_machine.py
#tests/test_util.py

### --- Data ---
# `*.BIN` are not in VCS
#data/bin/A2ROM.BIN
#data/bin/LODE_RUNNER.BIN
#data/bin/ROBOTRON.BIN

### --- Docs ---
#docs/images/basic-demo.jpg
#docs/images/robotron-splash.jpg
#docs/images/robotron-stopped.jpg

#docs/advice_from_6502org.md
#docs/link_list.md

#docs/6502/6502 CheatSheet.pdf
#docs/6502/6502 technical reference.pdf

#docs/Apple/Apple Graphics & Arcade Game Design (Stanton 1982).pdf
#docs/Apple/Apple II ASCII chart.jpg
#docs/Apple/Apple II Computer Graphics (Williams 1983).pdf
#docs/Apple/Apple II Monitors Peeled.pdf
#docs/Apple/Apple IIe Reference Manual - memory organization.pdf
